dcid,sentence
some_var1,Some Variable 1 Name
some_var2,Some Variable 2 Name
var1,var1
var2,var2
