key,value
StatVarGroups,H4sIAAAAAAAC/32RT0vDQBDFKUiwjwp1UWs2KEvBo5RG8CIepFJPLVKleivbdKyBJBs3W7+EB7+yCdFG88fLzryZYXfeb3GFnjdYD+5JJyoaqU1k5qSN78mACXSnm3BJWqgXEZOKA+IdoBjHDLuZmill2Bjd0SYxKhRzqX25DCjhPRwW0zdr+rma242v4rOF46K3uKNoRfp8TKEMiCVw8rp48s2ryJviWny3H9FOVEiLd6mH/OAhTbfLiKGYypD69VWnXL2lxNN+bPzU5WWDC3aCvVQ20rn4rdgZrDzjDvYrBpmVR9hor7ZMOxwFYXy0cFQlM8mMv8Gu5TIpUXHLVNxaKm4tFfcPlbDOxTNYdQ/e/+dHrTzy00ZvO9n5BeXclHGoAgAA
