dcid,sentence
some_var1,Some Variable 1 Name
some_var2,Some Variable 2 Name
