dcid,date,var1,var2
country/BRA,2023,0.19,6
country/JPN,2023,0.21,56
