entity,variable,date,value,provenance,unit,scaling_factor,measurement_method,observation_period,properties
country/BRA,var1,2023,0.19,c/p/default,USD,1,,P1Y,
country/BRA,var2,2023,6,c/p/default,GBP,2,,P1Y,
country/JPN,var1,2023,0.21,c/p/default,INR,3,,P1Y,
country/JPN,var2,2023,56,c/p/default,USD,4,,P1Y,
country/USA,var2,2023,66,c/p/default,USD,,,P1Y,
country/CHN,var1,2022,-123.456,c/p/default,USD,,,P1Y,
