key,value
StatVarGroups,H4sIAAAAAAAC/+OS5OJMSdZP1w/Kzy8R4pHi4uKA8bjcEGwhKy4B59LikvxchbDEoszEpJzUYiEhLpayxCJDKTCpBCahYkZgMSOwmBEAlEss8mMAAAA=
