entity,variable,date,value
e1,v1,2023,123
e2,v1,2023,456
