dcid,sentence
sv_with_search_descriptions,SV search description1;SV search description2
sv_with_name_only,Name should be used
