subject_id,predicate,object_id,object_value
who/AIR_10.ENVCAUSE--ENVCAUSE039,typeOf,StatisticalVariable,
who/AIR_10.ENVCAUSE--ENVCAUSE039,measuredProperty,value,
who/AIR_10.ENVCAUSE--ENVCAUSE039,name,,Ambient air pollution attributable disability-adjusted life years per 100'000 children under 5 years [Lower respiratory infections]
who/AIR_10.ENVCAUSE--ENVCAUSE039,populationType,WHO_AIR_10,
who/AIR_10.ENVCAUSE--ENVCAUSE039,statType,measuredValue,
who/AIR_10.ENVCAUSE--ENVCAUSE039,who_envcause,WHO_EnvcauseEnum_ENVCAUSE039,
who/AIR_10.ENVCAUSE--ENVCAUSE039__SEX--F,typeOf,StatisticalVariable,
who/AIR_10.ENVCAUSE--ENVCAUSE039__SEX--F,measuredProperty,value,
who/AIR_10.ENVCAUSE--ENVCAUSE039__SEX--F,name,,"Ambient air pollution attributable disability-adjusted life years per 100'000 children under 5 years [Lower respiratory infections, Female]"
who/AIR_10.ENVCAUSE--ENVCAUSE039__SEX--F,populationType,WHO_AIR_10,
who/AIR_10.ENVCAUSE--ENVCAUSE039__SEX--F,statType,measuredValue,
who/AIR_10.ENVCAUSE--ENVCAUSE039__SEX--F,who_envcause,WHO_EnvcauseEnum_ENVCAUSE039,
who/AIR_10.ENVCAUSE--ENVCAUSE039__SEX--F,who_sex,WHO_SexEnum_F,
who/AIR_10.ENVCAUSE--ENVCAUSE039__SEX--M,typeOf,StatisticalVariable,
who/AIR_10.ENVCAUSE--ENVCAUSE039__SEX--M,measuredProperty,value,
who/AIR_10.ENVCAUSE--ENVCAUSE039__SEX--M,name,,"Ambient air pollution attributable disability-adjusted life years per 100'000 children under 5 years [Lower respiratory infections, Male]"
who/AIR_10.ENVCAUSE--ENVCAUSE039__SEX--M,populationType,WHO_AIR_10,
who/AIR_10.ENVCAUSE--ENVCAUSE039__SEX--M,statType,measuredValue,
who/AIR_10.ENVCAUSE--ENVCAUSE039__SEX--M,who_envcause,WHO_EnvcauseEnum_ENVCAUSE039,
who/AIR_10.ENVCAUSE--ENVCAUSE039__SEX--M,who_sex,WHO_SexEnum_M,
