dcid,sentence
topic1,Topic1 Name
topic2,Topic2 Search Description1;Topic2 Search Description2
