key,value
StatVarGroups,H4sIAAAAAAAC/wMAAAAAAAAAAAA=
