dcid,sentence
sv,SV
sv_female,SV Female
sv_male,SV Male
