entity,variable,date,value,provenance,properties
country/FAKE1,var1,2024,1,c/p/1,
country/FAKE2,var1,2024,3,c/p/1,
country/FAKE1,var2,2024,2,c/p/1,
country/FAKE2,var2,2024,4,c/p/1,
country/FAKE3,var1,2024,5,c/p/default,
country/FAKE3,var2,2024,6,c/p/default,
country/FAKE4,var1,2024,7,c/p/default,
country/FAKE4,var2,2024,8,c/p/default,
