dcid,sentence
var1,Variable1 Name
var2,Variable2 Search Description1;Variable2 Search Description2
