dcid,sentence
topic_with_search_descriptions,Topic search description1;Topic search description2
topic_with_name_only,Name should be used
