[
 {
  "svg_id": "c/g/Person",
  "svg_name": "Person",
  "sv_ids": [],
  "parent_svg_ids": [
   "c/g/Root"
  ],
  "child_svg_specialized_names": {
   "c/g/Person_Race": "Race",
   "c/g/Person_Gender": "Gender"
  },
  "mprops": []
 },
 {
  "svg_id": "c/g/Person_Gender",
  "svg_name": "Person With Gender",
  "sv_ids": [],
  "parent_svg_ids": [
   "c/g/Person"
  ],
  "child_svg_specialized_names": {
   "c/g/Person_Gender-Female": "Female",
   "c/g/Person_Gender-Male": "Male"
  },
  "mprops": []
 },
 {
  "svg_id": "c/g/Person_Gender-Female",
  "svg_name": "Person With Gender = Female",
  "sv_ids": [],
  "parent_svg_ids": [
   "c/g/Person_Gender"
  ],
  "child_svg_specialized_names": {
   "c/g/Person_Gender-Female_Race": "Race"
  },
  "mprops": []
 },
 {
  "svg_id": "c/g/Person_Gender-Female_Race",
  "svg_name": "Person With Gender = Female, Race",
  "sv_ids": [],
  "parent_svg_ids": [
   "c/g/Person_Gender-Female"
  ],
  "child_svg_specialized_names": {
   "c/g/Person_Gender-Female_Race-Asian": "Asian"
  },
  "mprops": []
 },
 {
  "svg_id": "c/g/Person_Gender-Female_Race-Asian",
  "svg_name": "Person With Gender = Female, Race = Asian",
  "sv_ids": [
   "sv1"
  ],
  "parent_svg_ids": [
   "c/g/Person_Gender_Race-Asian",
   "c/g/Person_Gender-Female_Race"
  ],
  "child_svg_specialized_names": {},
  "mprops": []
 },
 {
  "svg_id": "c/g/Person_Gender-Male",
  "svg_name": "Person With Gender = Male",
  "sv_ids": [],
  "parent_svg_ids": [
   "c/g/Person_Gender"
  ],
  "child_svg_specialized_names": {
   "c/g/Person_Gender-Male_Race": "Race"
  },
  "mprops": []
 },
 {
  "svg_id": "c/g/Person_Gender-Male_Race",
  "svg_name": "Person With Gender = Male, Race",
  "sv_ids": [],
  "parent_svg_ids": [
   "c/g/Person_Gender-Male"
  ],
  "child_svg_specialized_names": {
   "c/g/Person_Gender-Male_Race-Asian": "Asian"
  },
  "mprops": []
 },
 {
  "svg_id": "c/g/Person_Gender-Male_Race-Asian",
  "svg_name": "Person With Gender = Male, Race = Asian",
  "sv_ids": [
   "sv2"
  ],
  "parent_svg_ids": [
   "c/g/Person_Gender_Race-Asian",
   "c/g/Person_Gender-Male_Race"
  ],
  "child_svg_specialized_names": {},
  "mprops": []
 },
 {
  "svg_id": "c/g/Person_Gender_Race-Asian",
  "svg_name": "Person With Gender, Race = Asian",
  "sv_ids": [],
  "parent_svg_ids": [
   "c/g/Person_Race-Asian"
  ],
  "child_svg_specialized_names": {
   "c/g/Person_Gender-Female_Race-Asian": "Female",
   "c/g/Person_Gender-Male_Race-Asian": "Male"
  },
  "mprops": []
 },
 {
  "svg_id": "c/g/Person_Race",
  "svg_name": "Person With Race",
  "sv_ids": [],
  "parent_svg_ids": [
   "c/g/Person"
  ],
  "child_svg_specialized_names": {
   "c/g/Person_Race-Asian": "Asian"
  },
  "mprops": []
 },
 {
  "svg_id": "c/g/Person_Race-Asian",
  "svg_name": "Person With Race = Asian",
  "sv_ids": [],
  "parent_svg_ids": [
   "c/g/Person_Race"
  ],
  "child_svg_specialized_names": {
   "c/g/Person_Gender_Race-Asian": "Gender"
  },
  "mprops": []
 }
]