[
 {
  "svg_id": "c/g/CoalCountVertical",
  "svg_name": "Coal Count Vertical",
  "sv_ids": [],
  "parent_svg_ids": [
   "c/g/Root"
  ],
  "child_svg_ids": [
   "c/g/Coal"
  ],
  "mprops": [
   "count"
  ]
 },
 {
  "svg_id": "c/g/PersonCountVertical",
  "svg_name": "Person Count Vertical",
  "sv_ids": [],
  "parent_svg_ids": [
   "c/g/Root"
  ],
  "child_svg_ids": [
   "c/g/Person"
  ],
  "mprops": [
   "count"
  ]
 },
 {
  "svg_id": "c/g/Coal",
  "svg_name": "Coal",
  "sv_ids": [
   "sv3"
  ],
  "parent_svg_ids": [
   "c/g/CoalCountVertical"
  ],
  "child_svg_ids": [],
  "mprops": [
   "count"
  ]
 },
 {
  "svg_id": "c/g/Person",
  "svg_name": "Person",
  "sv_ids": [],
  "parent_svg_ids": [
   "c/g/PersonCountVertical"
  ],
  "child_svg_ids": [
   "c/g/Person_Race",
   "c/g/Person_Gender"
  ],
  "mprops": [
   "age",
   "count"
  ]
 },
 {
  "svg_id": "c/g/Person_Gender",
  "svg_name": "Person With Gender",
  "sv_ids": [],
  "parent_svg_ids": [
   "c/g/Person"
  ],
  "child_svg_ids": [
   "c/g/Person_Gender-Female",
   "c/g/Person_Gender-Male"
  ],
  "mprops": [
   "age",
   "count"
  ]
 },
 {
  "svg_id": "c/g/Person_Gender-Female",
  "svg_name": "Person With Gender = Female",
  "sv_ids": [],
  "parent_svg_ids": [
   "c/g/Person_Gender"
  ],
  "child_svg_ids": [
   "c/g/Person_Gender-Female_Race"
  ],
  "mprops": [
   "count"
  ]
 },
 {
  "svg_id": "c/g/Person_Gender-Female_Race",
  "svg_name": "Person With Gender = Female, Race",
  "sv_ids": [],
  "parent_svg_ids": [
   "c/g/Person_Gender-Female"
  ],
  "child_svg_ids": [
   "c/g/Person_Gender-Female_Race-Asian"
  ],
  "mprops": [
   "count"
  ]
 },
 {
  "svg_id": "c/g/Person_Gender-Female_Race-Asian",
  "svg_name": "Person With Gender = Female, Race = Asian",
  "sv_ids": [
   "sv1"
  ],
  "parent_svg_ids": [
   "c/g/Person_Gender_Race-Asian",
   "c/g/Person_Gender-Female_Race"
  ],
  "child_svg_ids": [],
  "mprops": [
   "count"
  ]
 },
 {
  "svg_id": "c/g/Person_Gender-Male",
  "svg_name": "Person With Gender = Male",
  "sv_ids": [],
  "parent_svg_ids": [
   "c/g/Person_Gender"
  ],
  "child_svg_ids": [
   "c/g/Person_Gender-Male_Race"
  ],
  "mprops": [
   "age"
  ]
 },
 {
  "svg_id": "c/g/Person_Gender-Male_Race",
  "svg_name": "Person With Gender = Male, Race",
  "sv_ids": [],
  "parent_svg_ids": [
   "c/g/Person_Gender-Male"
  ],
  "child_svg_ids": [
   "c/g/Person_Gender-Male_Race-Asian"
  ],
  "mprops": [
   "age"
  ]
 },
 {
  "svg_id": "c/g/Person_Gender-Male_Race-Asian",
  "svg_name": "Person With Gender = Male, Race = Asian",
  "sv_ids": [
   "sv2"
  ],
  "parent_svg_ids": [
   "c/g/Person_Gender_Race-Asian",
   "c/g/Person_Gender-Male_Race"
  ],
  "child_svg_ids": [],
  "mprops": [
   "age"
  ]
 },
 {
  "svg_id": "c/g/Person_Gender_Race-Asian",
  "svg_name": "Person With Gender, Race = Asian",
  "sv_ids": [],
  "parent_svg_ids": [
   "c/g/Person_Race-Asian"
  ],
  "child_svg_ids": [
   "c/g/Person_Gender-Female_Race-Asian",
   "c/g/Person_Gender-Male_Race-Asian"
  ],
  "mprops": [
   "age",
   "count"
  ]
 },
 {
  "svg_id": "c/g/Person_Race",
  "svg_name": "Person With Race",
  "sv_ids": [],
  "parent_svg_ids": [
   "c/g/Person"
  ],
  "child_svg_ids": [
   "c/g/Person_Race-Asian"
  ],
  "mprops": [
   "age",
   "count"
  ]
 },
 {
  "svg_id": "c/g/Person_Race-Asian",
  "svg_name": "Person With Race = Asian",
  "sv_ids": [],
  "parent_svg_ids": [
   "c/g/Person_Race"
  ],
  "child_svg_ids": [
   "c/g/Person_Gender_Race-Asian"
  ],
  "mprops": [
   "age",
   "count"
  ]
 },
 {
  "svg_id": "c/g/Thing",
  "svg_name": "Thing",
  "sv_ids": [
   "sv4"
  ],
  "parent_svg_ids": [
   "c/g/Root"
  ],
  "child_svg_ids": [],
  "mprops": [
   "count"
  ]
 }
]