dcid,sentence
foo,Foo Name;Foo Description
bar,Bar Name;Bar Description;Bar Sentence1;Bar Sentence 2
