dcid,sentence
sv_with_utterances,SV utterance1;SV utterance2
sv_with_name_only,Name should be used
