dcid,sentence
topic_with_utterances,Topic utterance1;Topic utterance2
topic_with_name_only,Name should be used
