entity,variable,date,value,provenance
country/USA,Count_CrimeEvent,2023,3,c/p/1
country/BRA,Count_CrimeEvent,2023,2,c/p/1
country/CHN,Count_CrimeEvent,2023,2,c/p/1
